Hello from SVS-Cyber tools test!
Appended line!